ok - marked hold reasons round-trip through public reads, fleet, startup, and return without changing other fields
ok - new, active, and released holds require the origin first with and without deferral
ok - historical self-inventories name a workable repair that preserves sibling entries
ok - completion and verification compare backend identities for entries and current or stored origins
ok - complete refuses the origin as its own captain-call inventory
ok - complete refuses an entry held for another origin and flags one with none recorded
ok - report-only unresolved captain call is reproduced and completion refuses before loss
ok - both body-decoding paths work without the allow_nonref default
ok - cleanup preserves every byte of a retained body's non-ASCII characters
ok - the completion gate attests captain-held inventory and transfers open status decisions
ok - answer records the captain's words, closes idempotently, and releases routed work
ok - release frees held work with the captain's words recorded and the body preserved
ok - captain holds become visible only after their hold-set timestamp is durable
ok - an interrupted answer preserves its hold age until close retry
ok - a deferred captain call leaves the live Captain's Call until its date and stays answerable
ok - an out-of-band close is recordable with the captain's word and nothing else
ok - ended visual review follows the same captain-hold completion owner
ok - resolved findings and decision-like prose do not create captain-held tasks
ok - terminal single-owner stale status decisions do not block empty inventory
ok - main-home and secondmate-home captain calls remain correctly routed
ok - the completion gate accepts a call held or answered in a registered secondmate home only
ok - the completion gate accepts a call handed to a seeded secondmate through the real handoff
ok - a secondmate home publishes each hold occurrence and its answer on the parent channel
ok - secondmate resolutions publish before retiring durable retry triggers
ok - a bound channel's captured answers close their captain-held tasks at answer time
ok - only a bound captured source creates reconcile requests
ok - normal answers and their replays retire reconcile requests
ok - reconcile closes a moot call with evidence and keeps an active one open with a note
ok - reconcile outcomes apply durable mutations once across partial failures
ok - a channel source with no decision binding closes nothing
ok - legacy identities, metadata, bindings, and the shim keep working
ok - a board answer reaches the keyed-answer intake and wakes firstmate
ok - the chat channel feeds the same keyed-answer intake a captured review does
ok - completion and verification validate origins before constructing paths
ok - a status resolution over a still-open captain-held task is signalled, not closed
ok - a captain call with no routed work, a verified transfer, an open decision, and an answered call all stay silent
ok - cleanup leaves a captain-held work item open with its deliverable, and only an answer closes it
Terminated: 15             PATH="$home/fakebin:$PATH" REAL_TASKS_AXI="$TASKS_AXI_BIN" FM_HOME="$home" FM_STATE_OVERRIDE="$home/state" FM_DATA_OVERRIDE="$home/data" FM_CONFIG_OVERRIDE="$home/config" "$ROOT/bin/fm-captain-hold.sh" "$@"
